    Finished `test` profile [unoptimized + debuginfo] target(s) in 0.71s
     Running tests\test_integration.rs (target\debug\deps\test_integration-a5fc62da87409f89.exe)

running 25 tests
test integration::common::tests::test_forbidden_rule_helper ... ok
test integration::classes_and_violations::test_class_with_decorator_and_inheritance ... ok
test integration::classes_and_violations::test_empty_decorated_class ... ok
test integration::common::tests::test_project_creation ... ok
test integration::classes_and_violations::test_multiple_decorator_types ... ok
test integration::import_variations::test_complex_import_patterns ... ok
test integration::import_variations::test_default_imports ... ok

thread 'integration::classes_and_violations::test_nestjs_service_with_injectable_decorator' (16868) panicked at tests\integration\classes_and_violations.rs:137:5:
assertion `left == right` failed
  left: 5
 right: 0
note: run with `RUST_BACKTRACE=1` environment variable to display a backtrace
test integration::import_variations::test_dynamic_imports ... ok
test integration::common::tests::test_nested_file_creation ... ok
test integration::classes_and_violations::test_nestjs_controller_with_decorators ... ok
test integration::classes_and_violations::test_nestjs_service_with_injectable_decorator ... FAILED
test integration::import_variations::test_import_assertions ... ok
test integration::common::tests::test_file_creation ... ok
test integration::import_variations::test_jsx_tsx_imports ... ok
test integration::common::tests::test_config_creation ... ok
test integration::classes_and_violations::test_file_with_multiple_violations_circular_deps ... ok
test integration::import_variations::test_mixed_imports_and_exports ... ok
test integration::import_variations::test_re_exports ... ok
test integration::import_variations::test_namespace_imports ... ok
test integration::import_variations::test_side_effect_imports ... ok
test integration::import_variations::test_type_only_imports ... ok
test integration::import_variations::test_imports_in_javascript_files ... ok
test integration::classes_and_violations::test_file_with_forbidden_import_violations ... ok
test integration::classes_and_violations::test_decorated_class_with_violations ... ok
test integration::classes_and_violations::test_file_with_combined_violations ... ok

failures:

failures:
    integration::classes_and_violations::test_nestjs_service_with_injectable_decorator

test result: FAILED. 24 passed; 1 failed; 0 ignored; 0 measured; 0 filtered out; finished in 0.02s

error: test failed, to rerun pass `--test test_integration`
